[
  [
    {
      "rotX": "0",
      "breakable": "false",
      "scale": "1",
      "posX": "1128.4332",
      "freeze": "false",
      "type": "object",
      "posY": "-1489.077627",
      "interior": "0",
      "collisions": "true",
      "doublesided": "false",
      "rotZ": "0",
      "alpha": "255",
      "model": "mall_parking",
      "id": "mall_parking",
      "rotY": "0",
      "posZ": "10.4296",
      "dimension": "-1"
    },
    {
      "rotX": "0",
      "breakable": "false",
      "scale": "1",
      "posX": "1128.4298",
      "freeze": "false",
      "type": "object",
      "posY": "-1493.79623",
      "interior": "0",
      "collisions": "true",
      "doublesided": "false",
      "rotZ": "0",
      "alpha": "255",
      "model": "mall_parking_alpha",
      "id": "mall_parking_alpha",
      "rotY": "0",
      "posZ": "8.7101",
      "dimension": "-1"
    },
    {
      "rotX": "0.0",
      "breakable": "false",
      "scale": "1",
      "posX": "1128.4326",
      "freeze": "false",
      "type": "object",
      "posY": "-1514.322",
      "interior": "0",
      "collisions": "true",
      "doublesided": "false",
      "rotZ": "0.0",
      "alpha": "255",
      "model": "mall_parking_props",
      "id": "mall_parking_props",
      "rotY": "0.0",
      "posZ": "11.9004",
      "dimension": "-1"
    },
    {
      "rotX": "1.614445",
      "breakable": "false",
      "scale": "1",
      "posX": "990.297791",
      "freeze": "false",
      "type": "object",
      "posY": "-1486.703979",
      "interior": "1",
      "collisions": "false",
      "doublesided": "false",
      "rotZ": "170.349139",
      "alpha": "255",
      "model": "wep_ar-15_aimpoint",
      "id": "wep_ar-15_aimpoint",
      "rotY": "16.700986",
      "posZ": "1999.522583",
      "dimension": "1"
    },
    {
      "rotX": "-4.951293",
      "breakable": "false",
      "scale": "1",
      "posX": "991.161438",
      "freeze": "false",
      "type": "object",
      "posY": "-1486.830566",
      "interior": "1",
      "collisions": "false",
      "doublesided": "false",
      "rotZ": "90.087975",
      "alpha": "255",
      "model": "wep_ar-15",
      "id": "wep_ar-15",
      "rotY": "-87.012621",
      "posZ": "1998.786865",
      "dimension": "1"
    },
    {
      "rotX": "-4.951293",
      "breakable": "false",
      "scale": "1",
      "posX": "990.410828",
      "freeze": "false",
      "type": "object",
      "posY": "-1486.830566",
      "interior": "1",
      "collisions": "false",
      "doublesided": "false",
      "rotZ": "90.087975",
      "alpha": "255",
      "model": "wep_ar-15_holo",
      "id": "wep_ar-15_holo",
      "rotY": "-87.012621",
      "posZ": "1998.786865",
      "dimension": "1"
    },
    {
      "rotX": "-4.951293",
      "breakable": "false",
      "scale": "1",
      "posX": "990.164307",
      "freeze": "false",
      "type": "object",
      "posY": "-1486.830566",
      "interior": "1",
      "collisions": "false",
      "doublesided": "false",
      "rotZ": "90.087975",
      "alpha": "255",
      "model": "wep_ar-15_holo",
      "id": "wep_ar-15_holo",
      "rotY": "-87.012621",
      "posZ": "1998.786865",
      "dimension": "1"
    },
    {
      "rotX": "-4.951293",
      "breakable": "false",
      "scale": "1",
      "posX": "989.919922",
      "freeze": "false",
      "type": "object",
      "posY": "-1486.830566",
      "interior": "1",
      "collisions": "false",
      "doublesided": "false",
      "rotZ": "90.087975",
      "alpha": "255",
      "model": "wep_ar-15_aimpoint",
      "id": "wep_ar-15_aimpoint",
      "rotY": "-87.012621",
      "posZ": "1998.786865",
      "dimension": "1"
    },
    {
      "rotX": "-4.972509",
      "breakable": "false",
      "scale": "1",
      "posX": "991.10437",
      "freeze": "false",
      "type": "object",
      "posY": "-1486.526978",
      "interior": "1",
      "collisions": "false",
      "doublesided": "false",
      "rotZ": "-89.475704",
      "alpha": "255",
      "model": "wep_m4a1_sopmod",
      "id": "wep_m4a1_sopmod",
      "rotY": "-83.973399",
      "posZ": "1998.767334",
      "dimension": "1"
    },
    {
      "rotX": "-4.972509",
      "breakable": "false",
      "scale": "1",
      "posX": "990.781189",
      "freeze": "false",
      "type": "object",
      "posY": "-1486.526978",
      "interior": "1",
      "collisions": "false",
      "doublesided": "false",
      "rotZ": "-89.475704",
      "alpha": "255",
      "model": "wep_m4a1_sopmod",
      "id": "wep_m4a1_sopmod",
      "rotY": "-83.973399",
      "posZ": "1998.767334",
      "dimension": "1"
    },
    {
      "rotX": "-4.972509",
      "breakable": "false",
      "scale": "1",
      "posX": "990.781189",
      "freeze": "false",
      "type": "object",
      "posY": "-1486.526978",
      "interior": "1",
      "collisions": "false",
      "doublesided": "false",
      "rotZ": "-89.475704",
      "alpha": "255",
      "model": "wep_m4a1_sopmod",
      "id": "wep_m4a1_sopmod",
      "rotY": "-83.973399",
      "posZ": "1998.767334",
      "dimension": "1"
    },
    {
      "rotX": "-4.972509",
      "breakable": "false",
      "scale": "1",
      "posX": "990.362854",
      "freeze": "false",
      "type": "object",
      "posY": "-1486.526978",
      "interior": "1",
      "collisions": "false",
      "doublesided": "false",
      "rotZ": "-89.475704",
      "alpha": "255",
      "model": "wep_m4a1",
      "id": "wep_m4a1",
      "rotY": "-83.973399",
      "posZ": "1998.767334",
      "dimension": "1"
    },
    {
      "rotX": "-4.972509",
      "breakable": "false",
      "scale": "1",
      "posX": "990.115295",
      "freeze": "false",
      "type": "object",
      "posY": "-1486.526978",
      "interior": "1",
      "collisions": "false",
      "doublesided": "false",
      "rotZ": "-89.475704",
      "alpha": "255",
      "model": "wep_m4a1",
      "id": "wep_m4a1",
      "rotY": "-83.973399",
      "posZ": "1998.767334",
      "dimension": "1"
    },
    {
      "rotX": "-4.972509",
      "breakable": "false",
      "scale": "1",
      "posX": "989.868958",
      "freeze": "false",
      "type": "object",
      "posY": "-1486.526978",
      "interior": "1",
      "collisions": "false",
      "doublesided": "false",
      "rotZ": "-89.475704",
      "alpha": "255",
      "model": "wep_m4a1",
      "id": "wep_m4a1",
      "rotY": "-83.973399",
      "posZ": "1998.767334",
      "dimension": "1"
    },
    {
      "rotX": "-5.13516",
      "breakable": "false",
      "scale": "1",
      "posX": "991.159851",
      "freeze": "false",
      "type": "object",
      "posY": "-1490.739258",
      "interior": "1",
      "collisions": "false",
      "doublesided": "false",
      "rotZ": "89.54143",
      "alpha": "255",
      "model": "wep_ak-74",
      "id": "wep_ak-74",
      "rotY": "-91.290942",
      "posZ": "1998.775024",
      "dimension": "1"
    },
    {
      "rotX": "-5.13516",
      "breakable": "false",
      "scale": "1",
      "posX": "990.829224",
      "freeze": "false",
      "type": "object",
      "posY": "-1490.739258",
      "interior": "1",
      "collisions": "false",
      "doublesided": "false",
      "rotZ": "89.54143",
      "alpha": "255",
      "model": "wep_ak-74",
      "id": "wep_ak-74",
      "rotY": "-91.290942",
      "posZ": "1998.775024",
      "dimension": "1"
    },
    {
      "rotX": "-5.13516",
      "breakable": "false",
      "scale": "1",
      "posX": "990.415649",
      "freeze": "false",
      "type": "object",
      "posY": "-1490.739258",
      "interior": "1",
      "collisions": "false",
      "doublesided": "false",
      "rotZ": "89.54143",
      "alpha": "255",
      "model": "wep_ak-74",
      "id": "wep_ak-74",
      "rotY": "-91.290942",
      "posZ": "1998.775024",
      "dimension": "1"
    },
    {
      "rotX": "-5.0",
      "breakable": "false",
      "scale": "1",
      "posX": "990.165833",
      "freeze": "false",
      "type": "object",
      "posY": "-1490.719971",
      "interior": "1",
      "collisions": "false",
      "doublesided": "false",
      "rotZ": "90.000003",
      "alpha": "255",
      "model": "ak47",
      "id": "ak47",
      "rotY": "-90.000003",
      "posZ": "1998.802734",
      "dimension": "1"
    },
    {
      "rotX": "-5.0",
      "breakable": "false",
      "scale": "1",
      "posX": "989.930603",
      "freeze": "false",
      "type": "object",
      "posY": "-1490.719971",
      "interior": "1",
      "collisions": "false",
      "doublesided": "false",
      "rotZ": "90.000003",
      "alpha": "255",
      "model": "ak47",
      "id": "ak47",
      "rotY": "-90.000003",
      "posZ": "1998.802734",
      "dimension": "1"
    },
    {
      "rotX": "-5.0",
      "breakable": "false",
      "scale": "1",
      "posX": "989.5047",
      "freeze": "false",
      "type": "object",
      "posY": "-1490.719971",
      "interior": "1",
      "collisions": "false",
      "doublesided": "false",
      "rotZ": "90.000003",
      "alpha": "255",
      "model": "ak47",
      "id": "ak47",
      "rotY": "-90.000003",
      "posZ": "1998.802734",
      "dimension": "1"
    },
    {
      "rotX": "-82.740755",
      "breakable": "false",
      "scale": "1",
      "posX": "990.967896",
      "freeze": "false",
      "type": "object",
      "posY": "-1491.410278",
      "interior": "1",
      "collisions": "false",
      "doublesided": "false",
      "rotZ": "62.106487",
      "alpha": "255",
      "model": "wep_mp7a1_aimpoint",
      "id": "wep_mp7a1_aimpoint",
      "rotY": "62.202342",
      "posZ": "1999.000366",
      "dimension": "1"
    },
    {
      "rotX": "-82.488454",
      "breakable": "false",
      "scale": "1",
      "posX": "989.998901",
      "freeze": "false",
      "type": "object",
      "posY": "-1491.445557",
      "interior": "1",
      "collisions": "false",
      "doublesided": "false",
      "rotZ": "66.240267",
      "alpha": "255",
      "model": "wep_p90",
      "id": "wep_p90",
      "rotY": "75.052707",
      "posZ": "1998.997314",
      "dimension": "1"
    },
    {
      "rotX": "96.485165",
      "breakable": "false",
      "scale": "1",
      "posX": "990.471741",
      "freeze": "false",
      "type": "object",
      "posY": "-1490.989258",
      "interior": "1",
      "collisions": "false",
      "doublesided": "false",
      "rotZ": "-155.067738",
      "alpha": "255",
      "model": "wep_m110",
      "id": "wep_m110",
      "rotY": "146.095656",
      "posZ": "1999.37146",
      "dimension": "1"
    },
    {
      "rotX": "96.485199",
      "breakable": "false",
      "scale": "1",
      "posX": "989.235657",
      "freeze": "false",
      "type": "object",
      "posY": "-1490.989258",
      "interior": "1",
      "collisions": "false",
      "doublesided": "false",
      "rotZ": "-144.913897",
      "alpha": "255",
      "model": "wep_m700",
      "id": "wep_m700",
      "rotY": "144.999998",
      "posZ": "1999.374268",
      "dimension": "1"
    },
    {
      "rotX": "0.0",
      "breakable": "false",
      "scale": "1",
      "posX": "1176.7128",
      "freeze": "false",
      "type": "object",
      "posY": "-1545.5834",
      "interior": "0",
      "collisions": "true",
      "doublesided": "false",
      "rotZ": "-24.0769",
      "alpha": "255",
      "model": "rbs1",
      "id": "rbs1",
      "rotY": "0.0",
      "posZ": "7.8119",
      "dimension": "-1"
    },
    {
      "rotX": "103.4616",
      "breakable": "false",
      "scale": "1",
      "posX": "1176.7755",
      "freeze": "false",
      "type": "object",
      "posY": "-1546.6932",
      "interior": "0",
      "collisions": "true",
      "doublesided": "true",
      "rotZ": "-129.811",
      "alpha": "255",
      "model": "rbs1",
      "id": "rbs1",
      "rotY": "-0.0",
      "posZ": "7.977",
      "dimension": "-1"
    },
    {
      "rotX": "0.0",
      "breakable": "false",
      "scale": "1",
      "posX": "1176.745",
      "freeze": "false",
      "type": "object",
      "posY": "-1547.6492",
      "interior": "0",
      "collisions": "true",
      "doublesided": "false",
      "rotZ": "13.3684",
      "alpha": "255",
      "model": "rbs1",
      "id": "rbs1",
      "rotY": "-0.0",
      "posZ": "7.8079",
      "dimension": "-1"
    },
    {
      "rotX": "0.0",
      "breakable": "false",
      "scale": "1",
      "posX": "1117.785156",
      "freeze": "false",
      "type": "object",
      "posY": "-1490.130249",
      "id": "mall_neon1",
      "rotZ": "0.0",
      "interior": "0",
      "doublesided": "false",
      "alpha": "255",
      "posZ": "19.984505",
      "model": "mall_neon1",
      "LOD": "mall_neon1",
      "rotY": "-0.0",
      "collisions": "true",
      "dimension": "-1"
    },
    {
      "rotX": "0.0",
      "breakable": "false",
      "scale": "1",
      "posX": "1117.785156",
      "freeze": "false",
      "type": "object",
      "posY": "-1490.130249",
      "id": "mall_neon2",
      "rotZ": "0.0",
      "interior": "0",
      "doublesided": "false",
      "alpha": "255",
      "posZ": "19.984505",
      "model": "mall_neon2",
      "LOD": "mall_neon2",
      "rotY": "-0.0",
      "collisions": "true",
      "dimension": "-1"
    },
    {
      "rotX": "0",
      "breakable": "false",
      "scale": "1",
      "posX": "1117.5898",
      "freeze": "false",
      "type": "object",
      "posY": "-1490.0098",
      "interior": "0",
      "collisions": "true",
      "doublesided": "true",
      "rotZ": "0",
      "alpha": "255",
      "model": "mallglass_laW",
      "id": "mallglass_laW(1)",
      "rotY": "0",
      "posZ": "32.7188",
      "dimension": "-1"
    },
    {
      "rotX": "0",
      "breakable": "false",
      "scale": "1",
      "posX": "1128.3844",
      "freeze": "false",
      "type": "object",
      "posY": "-1536.55",
      "interior": "0",
      "collisions": "true",
      "doublesided": "true",
      "rotZ": "90",
      "alpha": "255",
      "model": "mall_bollards1",
      "id": "mall_bollards1(4)",
      "rotY": "0",
      "posZ": "14.79",
      "dimension": "-1"
    },
    {
      "rotX": "0",
      "breakable": "false",
      "scale": "1",
      "posX": "1183.77271",
      "freeze": "false",
      "type": "object",
      "posY": "-1488.6",
      "interior": "0",
      "collisions": "true",
      "doublesided": "true",
      "rotZ": "0",
      "alpha": "255",
      "model": "mall_bollards1",
      "id": "mall_bollards1(6)",
      "rotY": "0",
      "posZ": "13.16",
      "dimension": "-1"
    },
    {
      "rotX": "0",
      "breakable": "false",
      "scale": "1",
      "posX": "1090.6632",
      "freeze": "false",
      "type": "object",
      "posY": "-1445.2207",
      "interior": "0",
      "collisions": "true",
      "doublesided": "true",
      "rotZ": "0",
      "alpha": "255",
      "model": "mall_rooms_247",
      "id": "mall_rooms_247(8)",
      "rotY": "0",
      "posZ": "16.837",
      "dimension": "-1"
    },
    {
      "rotX": "0",
      "breakable": "false",
      "scale": "1",
      "posX": "1090.6632",
      "freeze": "false",
      "type": "object",
      "posY": "-1445.2207",
      "interior": "0",
      "collisions": "false",
      "doublesided": "true",
      "rotZ": "0",
      "alpha": "255",
      "model": "mall_rooms_247prods",
      "id": "mall_rooms_247prods(9)",
      "rotY": "0",
      "posZ": "16.837",
      "dimension": "-1"
    },
    {
      "rotX": "0",
      "breakable": "true",
      "scale": "1",
      "posX": "1086.6537",
      "freeze": "false",
      "type": "object",
      "posY": "-1444.511",
      "interior": "0",
      "collisions": "true",
      "doublesided": "false",
      "rotZ": "0",
      "alpha": "255",
      "model": "mall_rooms_zip",
      "id": "mall_rooms_zip(10)",
      "rotY": "0",
      "posZ": "23.4248",
      "dimension": "-1"
    },
    {
      "rotX": "0",
      "breakable": "true",
      "scale": "1",
      "posX": "1169.6968",
      "freeze": "false",
      "type": "object",
      "posY": "-1433.381",
      "interior": "0",
      "collisions": "true",
      "doublesided": "false",
      "rotZ": "0",
      "alpha": "255",
      "model": "mall_rooms_burger",
      "id": "mall_rooms_burger(11)",
      "rotY": "0",
      "posZ": "16.773",
      "dimension": "-1"
    },
    {
      "rotX": "0",
      "breakable": "true",
      "scale": "1",
      "posX": "1169.6968",
      "freeze": "false",
      "type": "object",
      "posY": "-1433.381",
      "interior": "0",
      "collisions": "true",
      "doublesided": "false",
      "rotZ": "0",
      "alpha": "255",
      "model": "mall_rooms_burger_alpha",
      "id": "mall_rooms_burger_alpha",
      "rotY": "0",
      "posZ": "16.773",
      "dimension": "-1"
    },
    {
      "rotX": "0",
      "breakable": "true",
      "scale": "1",
      "posX": "1169.6968",
      "freeze": "false",
      "type": "object",
      "posY": "-1433.381",
      "interior": "0",
      "collisions": "true",
      "doublesided": "false",
      "rotZ": "0",
      "alpha": "255",
      "model": "mall_rooms_burger_props",
      "id": "mall_rooms_burger_props",
      "rotY": "0",
      "posZ": "16.773",
      "dimension": "-1"
    },
    {
      "rotX": "0",
      "breakable": "true",
      "scale": "1",
      "posX": "1084.8447",
      "freeze": "false",
      "type": "object",
      "posY": "-1475.8115",
      "interior": "0",
      "collisions": "true",
      "doublesided": "true",
      "rotZ": "0",
      "alpha": "255",
      "model": "mall_rooms_jewelry",
      "id": "mall_rooms_jewelry(12)",
      "rotY": "0",
      "posZ": "22.7472",
      "dimension": "-1"
    },
    {
      "rotX": "0",
      "breakable": "true",
      "scale": "1",
      "posX": "1091.6149",
      "freeze": "false",
      "type": "object",
      "posY": "-1473.4861",
      "interior": "0",
      "collisions": "true",
      "doublesided": "true",
      "rotZ": "0",
      "alpha": "255",
      "model": "mall_rooms_pharmacy",
      "id": "mall_rooms_pharmacy(13)",
      "rotY": "0",
      "posZ": "15.9728",
      "dimension": "-1"
    },
    {
      "rotX": "0",
      "breakable": "true",
      "scale": "1",
      "posX": "1164.8601",
      "freeze": "false",
      "type": "object",
      "posY": "-1471.7542",
      "interior": "0",
      "collisions": "true",
      "doublesided": "true",
      "rotZ": "0",
      "alpha": "255",
      "model": "mall_rooms_coffee",
      "id": "mall_rooms_coffee(14)",
      "rotY": "0",
      "posZ": "16.7101",
      "dimension": "-1"
    },
    {
      "rotX": "0",
      "breakable": "true",
      "scale": "1",
      "posX": "1164.8601",
      "freeze": "false",
      "type": "object",
      "posY": "-1471.7542",
      "interior": "0",
      "collisions": "true",
      "doublesided": "false",
      "rotZ": "0",
      "alpha": "255",
      "model": "mall_rooms_coffee_alpha",
      "id": "mall_rooms_coffee_alpha",
      "rotY": "0",
      "posZ": "16.7101",
      "dimension": "-1"
    },
    {
      "rotX": "0",
      "breakable": "true",
      "scale": "1",
      "posX": "1170.5029",
      "freeze": "false",
      "type": "object",
      "posY": "-1452.4785",
      "interior": "0",
      "collisions": "true",
      "doublesided": "true",
      "rotZ": "0",
      "alpha": "255",
      "model": "mall_rooms_digital",
      "id": "mall_rooms_digital(15)",
      "rotY": "0",
      "posZ": "24.2698",
      "dimension": "-1"
    },
    {
      "rotX": "0",
      "breakable": "true",
      "scale": "1",
      "posX": "1174.2137",
      "freeze": "false",
      "type": "object",
      "posY": "-1472.7087",
      "interior": "0",
      "collisions": "true",
      "doublesided": "true",
      "rotZ": "0",
      "alpha": "255",
      "model": "mall_rooms_flintTools",
      "id": "mall_rooms_flintTools(16)",
      "rotY": "0",
      "posZ": "24.26158",
      "dimension": "-1"
    },
    {
      "rotX": "0",
      "breakable": "true",
      "scale": "1",
      "posX": "1177.7176",
      "freeze": "false",
      "type": "object",
      "posY": "-1489.73539",
      "interior": "0",
      "collisions": "true",
      "doublesided": "true",
      "rotZ": "0",
      "alpha": "255",
      "model": "mall_rooms_lottery",
      "id": "mall_rooms_lottery(17)",
      "rotY": "0",
      "posZ": "24.26512",
      "dimension": "-1"
    },
    {
      "rotX": "0",
      "breakable": "true",
      "scale": "1",
      "posX": "1170.9366",
      "freeze": "false",
      "type": "object",
      "posY": "-1433.3342",
      "interior": "0",
      "collisions": "true",
      "doublesided": "true",
      "rotZ": "0",
      "alpha": "255",
      "model": "mall_rooms_bank",
      "id": "mall_rooms_bank(18)",
      "rotY": "0",
      "posZ": "24.27969",
      "dimension": "-1"
    },
    {
      "rotX": "0",
      "breakable": "true",
      "scale": "1",
      "posX": "1168.1166",
      "freeze": "false",
      "type": "object",
      "posY": "-1452.4773",
      "interior": "0",
      "collisions": "true",
      "doublesided": "true",
      "rotZ": "0",
      "alpha": "255",
      "model": "mall_rooms_cluckinBell",
      "id": "mall_rooms_cluckinBell(19)",
      "rotY": "0",
      "posZ": "16.8008",
      "dimension": "-1"
    },
    {
      "rotX": "0",
      "breakable": "true",
      "scale": "1",
      "posX": "1168.1166",
      "freeze": "false",
      "type": "object",
      "posY": "-1452.4773",
      "interior": "0",
      "collisions": "true",
      "doublesided": "false",
      "rotZ": "0",
      "alpha": "255",
      "model": "mall_rooms_cluckinBell_alpha",
      "id": "mall_rooms_cluckinBell_alpha",
      "rotY": "0",
      "posZ": "16.8008",
      "dimension": "-1"
    },
    {
      "rotX": "0",
      "breakable": "true",
      "scale": "1",
      "posX": "1168.1166",
      "freeze": "false",
      "type": "object",
      "posY": "-1452.4773",
      "interior": "0",
      "collisions": "true",
      "doublesided": "false",
      "rotZ": "0",
      "alpha": "255",
      "model": "mall_rooms_cluckinBell_props",
      "id": "mall_rooms_cluckinBell_props",
      "rotY": "0",
      "posZ": "16.8008",
      "dimension": "-1"
    },
    {
      "rotX": "0",
      "breakable": "true",
      "scale": "1",
      "posX": "1073.4294",
      "freeze": "false",
      "type": "object",
      "posY": "-1500.2763",
      "interior": "0",
      "collisions": "true",
      "doublesided": "true",
      "rotZ": "0",
      "alpha": "255",
      "model": "mall_rooms_toilet",
      "id": "mall_rooms_toilet(22)",
      "rotY": "0",
      "posZ": "23.61572",
      "dimension": "-1"
    },
    {
      "rotX": "0.0",
      "breakable": "true",
      "scale": "1",
      "posX": "1117.589966",
      "freeze": "false",
      "type": "object",
      "posY": "-1490.007812",
      "id": "mallb_laW_storeLogos",
      "rotZ": "0.0",
      "interior": "0",
      "doublesided": "true",
      "alpha": "255",
      "posZ": "32.71875",
      "model": "mallb_laW_storeLogos",
      "LOD": "mallb_laW_storeLogosLOD",
      "rotY": "-0.0",
      "collisions": "true",
      "dimension": "-1"
    },
    {
      "rotX": "0",
      "breakable": "true",
      "scale": "1",
      "posX": "1101.8023",
      "freeze": "false",
      "type": "object",
      "posY": "-1459.6886",
      "interior": "0",
      "collisions": "true",
      "doublesided": "true",
      "rotZ": "90",
      "alpha": "255",
      "model": "mall_door",
      "id": "mall_door",
      "rotY": "0",
      "posZ": "14.7944",
      "dimension": "-1"
    },
    {
      "rotX": "0",
      "breakable": "true",
      "scale": "1",
      "posX": "1101.8023",
      "freeze": "false",
      "type": "object",
      "posY": "-1456.6715",
      "interior": "0",
      "collisions": "true",
      "doublesided": "true",
      "rotZ": "270",
      "alpha": "255",
      "model": "mall_door",
      "id": "mall_door",
      "rotY": "0",
      "posZ": "14.7944",
      "dimension": "-1"
    },
    {
      "rotX": "0",
      "breakable": "true",
      "scale": "1",
      "posX": "1094.3463",
      "freeze": "false",
      "type": "object",
      "posY": "-1453.029",
      "interior": "0",
      "collisions": "true",
      "doublesided": "true",
      "rotZ": "90",
      "alpha": "255",
      "model": "mall_door",
      "id": "mall_door",
      "rotY": "0",
      "posZ": "21.7407",
      "dimension": "-1"
    },
    {
      "rotX": "0",
      "breakable": "true",
      "scale": "1",
      "posX": "1094.3469",
      "freeze": "false",
      "type": "object",
      "posY": "-1450.01",
      "interior": "0",
      "collisions": "true",
      "doublesided": "true",
      "rotZ": "270",
      "alpha": "255",
      "model": "mall_door",
      "id": "mall_door",
      "rotY": "0",
      "posZ": "21.7407",
      "dimension": "-1"
    },
    {
      "rotX": "0",
      "breakable": "true",
      "scale": "1",
      "posX": "1097.7411",
      "freeze": "false",
      "type": "object",
      "posY": "-1474.487",
      "interior": "0",
      "collisions": "true",
      "doublesided": "true",
      "rotZ": "72.0465",
      "alpha": "255",
      "model": "mall_door",
      "id": "mall_door",
      "rotY": "0",
      "posZ": "14.794",
      "dimension": "-1"
    },
    {
      "rotX": "0",
      "breakable": "true",
      "scale": "1",
      "posX": "1098.6576",
      "freeze": "false",
      "type": "object",
      "posY": "-1471.6289",
      "interior": "0",
      "collisions": "true",
      "doublesided": "true",
      "rotZ": "252.394",
      "alpha": "255",
      "model": "mall_door",
      "id": "mall_door",
      "rotY": "0",
      "posZ": "14.7942",
      "dimension": "-1"
    },
    {
      "rotX": "0",
      "breakable": "true",
      "scale": "1",
      "posX": "1089.2523",
      "freeze": "false",
      "type": "object",
      "posY": "-1476.8539",
      "interior": "0",
      "collisions": "true",
      "doublesided": "true",
      "rotZ": "70.3709",
      "alpha": "255",
      "model": "mall_door",
      "id": "mall_door",
      "rotY": "0",
      "posZ": "21.717",
      "dimension": "-1"
    },
    {
      "rotX": "0",
      "breakable": "true",
      "scale": "1",
      "posX": "1090.2691",
      "freeze": "false",
      "type": "object",
      "posY": "-1474.0315",
      "interior": "0",
      "collisions": "true",
      "doublesided": "true",
      "rotZ": "250.371",
      "alpha": "255",
      "model": "mall_door",
      "id": "mall_door",
      "rotY": "0",
      "posZ": "21.7203",
      "dimension": "-1"
    },
    {
      "rotX": "0",
      "breakable": "true",
      "scale": "1",
      "posX": "1155.3356",
      "freeze": "false",
      "type": "object",
      "posY": "-1432.09",
      "interior": "0",
      "collisions": "true",
      "doublesided": "true",
      "rotZ": "270",
      "alpha": "255",
      "model": "mall_door",
      "id": "mall_door",
      "rotY": "0",
      "posZ": "14.7953",
      "dimension": "-1"
    },
    {
      "rotX": "0",
      "breakable": "true",
      "scale": "1",
      "posX": "1155.335",
      "freeze": "false",
      "type": "object",
      "posY": "-1435.1109",
      "interior": "0",
      "collisions": "true",
      "doublesided": "true",
      "rotZ": "90",
      "alpha": "255",
      "model": "mall_door",
      "id": "mall_door",
      "rotY": "0",
      "posZ": "14.7953",
      "dimension": "-1"
    },
    {
      "rotX": "0",
      "breakable": "true",
      "scale": "1",
      "posX": "1155.335",
      "freeze": "false",
      "type": "object",
      "posY": "-1450.9468",
      "interior": "0",
      "collisions": "true",
      "doublesided": "true",
      "rotZ": "270",
      "alpha": "255",
      "model": "mall_door",
      "id": "mall_door",
      "rotY": "0",
      "posZ": "14.7949",
      "dimension": "-1"
    },
    {
      "rotX": "0",
      "breakable": "true",
      "scale": "1",
      "posX": "1155.3353",
      "freeze": "false",
      "type": "object",
      "posY": "-1453.9679",
      "interior": "0",
      "collisions": "true",
      "doublesided": "true",
      "rotZ": "90",
      "alpha": "255",
      "model": "mall_door",
      "id": "mall_door",
      "rotY": "0",
      "posZ": "14.7949",
      "dimension": "-1"
    },
    {
      "rotX": "0",
      "breakable": "true",
      "scale": "1",
      "posX": "1163.067",
      "freeze": "false",
      "type": "object",
      "posY": "-1432.0777",
      "interior": "0",
      "collisions": "true",
      "doublesided": "true",
      "rotZ": "270",
      "alpha": "255",
      "model": "mall_door",
      "id": "mall_door",
      "rotY": "0",
      "posZ": "21.8349",
      "dimension": "-1"
    },
    {
      "rotX": "0",
      "breakable": "true",
      "scale": "1",
      "posX": "1163.067",
      "freeze": "false",
      "type": "object",
      "posY": "-1435.0877",
      "interior": "0",
      "collisions": "true",
      "doublesided": "true",
      "rotZ": "90",
      "alpha": "255",
      "model": "mall_door",
      "id": "mall_door",
      "rotY": "0",
      "posZ": "21.8349",
      "dimension": "-1"
    },
    {
      "rotX": "0",
      "breakable": "true",
      "scale": "1",
      "posX": "1163.0664",
      "freeze": "false",
      "type": "object",
      "posY": "-1450.9732",
      "interior": "0",
      "collisions": "true",
      "doublesided": "true",
      "rotZ": "270",
      "alpha": "255",
      "model": "mall_door",
      "id": "mall_door",
      "rotY": "0",
      "posZ": "21.8269",
      "dimension": "-1"
    },
    {
      "rotX": "0",
      "breakable": "true",
      "scale": "1",
      "posX": "1163.0664",
      "freeze": "false",
      "type": "object",
      "posY": "-1453.9855",
      "interior": "0",
      "collisions": "true",
      "doublesided": "true",
      "rotZ": "90",
      "alpha": "255",
      "model": "mall_door",
      "id": "mall_door",
      "rotY": "0",
      "posZ": "21.8269",
      "dimension": "-1"
    },
    {
      "rotX": "0",
      "breakable": "true",
      "scale": "1",
      "posX": "1158.468",
      "freeze": "false",
      "type": "object",
      "posY": "-1471.8977",
      "interior": "0",
      "collisions": "true",
      "doublesided": "true",
      "rotZ": "288.54",
      "alpha": "255",
      "model": "mall_door",
      "id": "mall_door",
      "rotY": "0",
      "posZ": "14.7951",
      "dimension": "-1"
    },
    {
      "rotX": "0",
      "breakable": "true",
      "scale": "1",
      "posX": "1159.4499",
      "freeze": "false",
      "type": "object",
      "posY": "-1474.7466",
      "interior": "0",
      "collisions": "true",
      "doublesided": "true",
      "rotZ": "468.54",
      "alpha": "255",
      "model": "mall_door",
      "id": "mall_door",
      "rotY": "0",
      "posZ": "14.7951",
      "dimension": "-1"
    },
    {
      "rotX": "0",
      "breakable": "true",
      "scale": "1",
      "posX": "1169.1193",
      "freeze": "false",
      "type": "object",
      "posY": "-1477.17",
      "interior": "0",
      "collisions": "true",
      "doublesided": "true",
      "rotZ": "292.906",
      "alpha": "255",
      "model": "mall_door",
      "id": "mall_door",
      "rotY": "0",
      "posZ": "21.8088",
      "dimension": "-1"
    },
    {
      "rotX": "0",
      "breakable": "true",
      "scale": "1",
      "posX": "1170.2995",
      "freeze": "false",
      "type": "object",
      "posY": "-1479.949",
      "interior": "0",
      "collisions": "true",
      "doublesided": "true",
      "rotZ": "472.906",
      "alpha": "255",
      "model": "mall_door",
      "id": "mall_door",
      "rotY": "0",
      "posZ": "21.8088",
      "dimension": "-1"
    },
    {
      "rotX": "0",
      "breakable": "true",
      "scale": "1",
      "posX": "1171.4293",
      "freeze": "false",
      "type": "object",
      "posY": "-1488.26481",
      "interior": "0",
      "collisions": "true",
      "doublesided": "true",
      "rotZ": "270",
      "alpha": "255",
      "model": "mall_door",
      "id": "mall_door",
      "rotY": "0",
      "posZ": "21.795",
      "dimension": "-1"
    },
    {
      "rotX": "0",
      "breakable": "true",
      "scale": "1",
      "posX": "1171.4293",
      "freeze": "false",
      "type": "object",
      "posY": "-1491.28581",
      "interior": "0",
      "collisions": "true",
      "doublesided": "true",
      "rotZ": "90",
      "alpha": "255",
      "model": "mall_door",
      "id": "mall_door",
      "rotY": "0",
      "posZ": "21.795",
      "dimension": "-1"
    },
    {
      "rotX": "0",
      "breakable": "true",
      "scale": "1",
      "posX": "1084.7637",
      "freeze": "false",
      "type": "object",
      "posY": "-1494.28915",
      "interior": "0",
      "collisions": "true",
      "doublesided": "true",
      "rotZ": "85.8376",
      "alpha": "255",
      "model": "mall_door",
      "id": "mall_door",
      "rotY": "0",
      "posZ": "21.747",
      "dimension": "-1"
    },
    {
      "rotX": "0",
      "breakable": "true",
      "scale": "1",
      "posX": "1084.9814",
      "freeze": "false",
      "type": "object",
      "posY": "-1491.29307",
      "interior": "0",
      "collisions": "true",
      "doublesided": "true",
      "rotZ": "-94.1624",
      "alpha": "255",
      "model": "mall_door",
      "id": "mall_door",
      "rotY": "0",
      "posZ": "21.7407",
      "dimension": "-1"
    },
    {
      "rotX": "0",
      "breakable": "true",
      "scale": "1",
      "posX": "1081.8565",
      "freeze": "false",
      "type": "object",
      "posY": "-1495.48634",
      "interior": "0",
      "collisions": "true",
      "doublesided": "true",
      "rotZ": "175.838",
      "alpha": "255",
      "model": "mall_toiletdoor_female",
      "id": "mall_toiletdoor_female",
      "rotY": "0",
      "posZ": "21.747",
      "dimension": "-1"
    },
    {
      "rotX": "0",
      "breakable": "true",
      "scale": "1",
      "posX": "1076.4956",
      "freeze": "false",
      "type": "object",
      "posY": "-1495.0962",
      "interior": "0",
      "collisions": "true",
      "doublesided": "true",
      "rotZ": "175.838",
      "alpha": "255",
      "model": "mall_toiletdoor_male",
      "id": "mall_toiletdoor_male",
      "rotY": "0",
      "posZ": "21.747",
      "dimension": "-1"
    },
    {
      "rotX": "0.0",
      "breakable": "false",
      "scale": "1",
      "posX": "1075.2769",
      "freeze": "false",
      "type": "object",
      "posY": "-1516.463",
      "interior": "0",
      "collisions": "true",
      "doublesided": "false",
      "rotZ": "90.0",
      "alpha": "255",
      "model": "955",
      "id": "sprunk",
      "rotY": "-0.0",
      "posZ": "8.2174",
      "dimension": "-1"
    },
    {
      "rotX": "0.0",
      "breakable": "false",
      "scale": "1",
      "posX": "1130.650513",
      "freeze": "false",
      "type": "object",
      "posY": "-1561.79895",
      "interior": "0",
      "collisions": "true",
      "doublesided": "false",
      "rotZ": "180.000019",
      "alpha": "255",
      "model": "955",
      "id": "sprunk",
      "rotY": "-0.0",
      "posZ": "8.217379",
      "dimension": "-1"
    },
    {
      "rotX": "0.0",
      "breakable": "false",
      "scale": "1",
      "posX": "1076.371",
      "freeze": "false",
      "type": "object",
      "posY": "-1509.4587",
      "interior": "0",
      "collisions": "true",
      "doublesided": "false",
      "rotZ": "89.5544",
      "alpha": "255",
      "model": "1334",
      "id": "bin",
      "rotY": "-0.0",
      "posZ": "8.8",
      "dimension": "-1"
    },
    {
      "rotX": "0.0",
      "breakable": "false",
      "scale": "1",
      "posX": "1078.1692",
      "freeze": "false",
      "type": "object",
      "posY": "-1508.0985",
      "interior": "0",
      "collisions": "true",
      "doublesided": "false",
      "rotZ": "58.6867",
      "alpha": "255",
      "model": "1334",
      "id": "bin",
      "rotY": "-0.0",
      "posZ": "8.8",
      "dimension": "-1"
    },
    {
      "rotX": "0.0",
      "breakable": "false",
      "scale": "1",
      "posX": "1078.4816",
      "freeze": "false",
      "type": "object",
      "posY": "-1508.9144",
      "interior": "0",
      "collisions": "true",
      "doublesided": "false",
      "rotZ": "-102.8174",
      "alpha": "255",
      "model": "2670",
      "id": "rubbish",
      "rotY": "0.0",
      "posZ": "7.9063",
      "dimension": "-1"
    },
    {
      "rotX": "0.0",
      "breakable": "false",
      "scale": "1",
      "posX": "1126.886719",
      "freeze": "false",
      "type": "object",
      "posY": "-1559.21521",
      "interior": "0",
      "collisions": "true",
      "doublesided": "false",
      "rotZ": "26.577084",
      "alpha": "255",
      "model": "2673",
      "id": "rubbish",
      "rotY": "-0.0",
      "posZ": "7.902159",
      "dimension": "-1"
    },
    {
      "rotX": "0",
      "breakable": "true",
      "scale": "1",
      "posX": "1160.74",
      "freeze": "false",
      "type": "object",
      "posY": "-1469.51",
      "interior": "0",
      "collisions": "true",
      "doublesided": "false",
      "rotZ": "0",
      "alpha": "255",
      "model": "2073",
      "id": "CJ_MLIGHT1(23)",
      "rotY": "0",
      "posZ": "17.84",
      "dimension": "-1"
    },
    {
      "rotX": "0",
      "breakable": "true",
      "scale": "1",
      "posX": "1159.12",
      "freeze": "false",
      "type": "object",
      "posY": "-1469.5",
      "interior": "0",
      "collisions": "true",
      "doublesided": "false",
      "rotZ": "0",
      "alpha": "255",
      "model": "2073",
      "id": "CJ_MLIGHT1(24)",
      "rotY": "0",
      "posZ": "17.84",
      "dimension": "-1"
    },
    {
      "rotX": "0",
      "breakable": "true",
      "scale": "1",
      "posX": "1163.2598",
      "freeze": "false",
      "type": "object",
      "posY": "-1469.5898",
      "interior": "0",
      "collisions": "true",
      "doublesided": "false",
      "rotZ": "0",
      "alpha": "255",
      "model": "2073",
      "id": "CJ_MLIGHT1(25)",
      "rotY": "0",
      "posZ": "17.84",
      "dimension": "-1"
    },
    {
      "rotX": "0",
      "breakable": "true",
      "scale": "1",
      "posX": "1164.9301",
      "freeze": "false",
      "type": "object",
      "posY": "-1469.64",
      "interior": "0",
      "collisions": "true",
      "doublesided": "false",
      "rotZ": "0",
      "alpha": "255",
      "model": "2073",
      "id": "CJ_MLIGHT1(26)",
      "rotY": "0",
      "posZ": "17.84",
      "dimension": "-1"
    },
    {
      "rotX": "0",
      "breakable": "true",
      "scale": "1",
      "posX": "1159.8",
      "freeze": "false",
      "type": "object",
      "posY": "-1465.5699",
      "interior": "0",
      "collisions": "true",
      "doublesided": "false",
      "rotZ": "0",
      "alpha": "255",
      "model": "2073",
      "id": "CJ_MLIGHT1(27)",
      "rotY": "0",
      "posZ": "17.84",
      "dimension": "-1"
    },
    {
      "rotX": "0",
      "breakable": "true",
      "scale": "1",
      "posX": "1158.3",
      "freeze": "false",
      "type": "object",
      "posY": "-1465.5699",
      "interior": "0",
      "collisions": "true",
      "doublesided": "false",
      "rotZ": "0",
      "alpha": "255",
      "model": "2073",
      "id": "CJ_MLIGHT1(28)",
      "rotY": "0",
      "posZ": "17.84",
      "dimension": "-1"
    },
    {
      "rotX": "0",
      "breakable": "true",
      "scale": "1",
      "posX": "1162.36",
      "freeze": "false",
      "type": "object",
      "posY": "-1465.5699",
      "interior": "0",
      "collisions": "true",
      "doublesided": "false",
      "rotZ": "0",
      "alpha": "255",
      "model": "2073",
      "id": "CJ_MLIGHT1(29)",
      "rotY": "0",
      "posZ": "17.84",
      "dimension": "-1"
    },
    {
      "rotX": "0",
      "breakable": "true",
      "scale": "1",
      "posX": "1164.11",
      "freeze": "false",
      "type": "object",
      "posY": "-1465.5601",
      "interior": "0",
      "collisions": "true",
      "doublesided": "false",
      "rotZ": "0",
      "alpha": "255",
      "model": "2073",
      "id": "CJ_MLIGHT1(30)",
      "rotY": "0",
      "posZ": "17.84",
      "dimension": "-1"
    },
    {
      "rotX": "0",
      "breakable": "true",
      "scale": "1",
      "posX": "1163.02",
      "freeze": "false",
      "type": "object",
      "posY": "-1476.08",
      "interior": "0",
      "collisions": "true",
      "doublesided": "false",
      "rotZ": "0",
      "alpha": "255",
      "model": "2073",
      "id": "CJ_MLIGHT1(31)",
      "rotY": "0",
      "posZ": "17.84",
      "dimension": "-1"
    },
    {
      "rotX": "0",
      "breakable": "true",
      "scale": "1",
      "posX": "1163.23",
      "freeze": "false",
      "type": "object",
      "posY": "-1479.6801",
      "interior": "0",
      "collisions": "true",
      "doublesided": "false",
      "rotZ": "0",
      "alpha": "255",
      "model": "2073",
      "id": "CJ_MLIGHT1(32)",
      "rotY": "0",
      "posZ": "17.84",
      "dimension": "-1"
    },
    {
      "rotX": "0",
      "breakable": "true",
      "scale": "1",
      "posX": "1166.4301",
      "freeze": "false",
      "type": "object",
      "posY": "-1479.8",
      "interior": "0",
      "collisions": "true",
      "doublesided": "false",
      "rotZ": "0",
      "alpha": "255",
      "model": "2073",
      "id": "CJ_MLIGHT1(33)",
      "rotY": "0",
      "posZ": "17.84",
      "dimension": "-1"
    },
    {
      "rotX": "0",
      "breakable": "true",
      "scale": "1",
      "posX": "1169.49",
      "freeze": "false",
      "type": "object",
      "posY": "-1479.7",
      "interior": "0",
      "collisions": "true",
      "doublesided": "false",
      "rotZ": "0",
      "alpha": "255",
      "model": "2073",
      "id": "CJ_MLIGHT1(34)",
      "rotY": "0",
      "posZ": "17.84",
      "dimension": "-1"
    },
    {
      "rotX": "0",
      "breakable": "true",
      "scale": "1",
      "posX": "1168.39",
      "freeze": "false",
      "type": "object",
      "posY": "-1475.63",
      "interior": "0",
      "collisions": "true",
      "doublesided": "false",
      "rotZ": "0",
      "alpha": "255",
      "model": "2073",
      "id": "CJ_MLIGHT1(35)",
      "rotY": "0",
      "posZ": "17.84",
      "dimension": "-1"
    },
    {
      "rotX": "0",
      "breakable": "false",
      "scale": "1",
      "posX": "1147.03",
      "freeze": "false",
      "type": "object",
      "posY": "-1483.22",
      "interior": "0",
      "collisions": "false",
      "doublesided": "false",
      "rotZ": "342",
      "alpha": "255",
      "model": "2120",
      "id": "MED_DIN_CHAIR_4(36)",
      "rotY": "0",
      "posZ": "15.39",
      "dimension": "-1"
    },
    {
      "rotX": "0",
      "breakable": "false",
      "scale": "1",
      "posX": "1145.89",
      "freeze": "false",
      "type": "object",
      "posY": "-1482.8",
      "interior": "0",
      "collisions": "false",
      "doublesided": "false",
      "rotZ": "340",
      "alpha": "255",
      "model": "2112",
      "id": "MED_DINNING_4(37)",
      "rotY": "0",
      "posZ": "15.19",
      "dimension": "-1"
    },
    {
      "rotX": "0",
      "breakable": "false",
      "scale": "1",
      "posX": "1146.29",
      "freeze": "false",
      "type": "object",
      "posY": "-1481.55",
      "interior": "0",
      "collisions": "false",
      "doublesided": "false",
      "rotZ": "81.999",
      "alpha": "255",
      "model": "2120",
      "id": "MED_DIN_CHAIR_4(38)",
      "rotY": "0",
      "posZ": "15.39",
      "dimension": "-1"
    },
    {
      "rotX": "0",
      "breakable": "false",
      "scale": "1",
      "posX": "1144.58",
      "freeze": "false",
      "type": "object",
      "posY": "-1482.21",
      "interior": "0",
      "collisions": "false",
      "doublesided": "false",
      "rotZ": "171.996",
      "alpha": "255",
      "model": "2120",
      "id": "MED_DIN_CHAIR_4(39)",
      "rotY": "0",
      "posZ": "15.39",
      "dimension": "-1"
    },
    {
      "rotX": "0",
      "breakable": "false",
      "scale": "1",
      "posX": "1145.28",
      "freeze": "false",
      "type": "object",
      "posY": "-1483.95",
      "interior": "0",
      "collisions": "false",
      "doublesided": "false",
      "rotZ": "243.996",
      "alpha": "255",
      "model": "2120",
      "id": "MED_DIN_CHAIR_4(40)",
      "rotY": "0",
      "posZ": "15.39",
      "dimension": "-1"
    },
    {
      "rotX": "0",
      "breakable": "false",
      "scale": "1",
      "posX": "1150.3",
      "freeze": "false",
      "type": "object",
      "posY": "-1480.73",
      "interior": "0",
      "collisions": "false",
      "doublesided": "false",
      "rotZ": "5.999",
      "alpha": "255",
      "model": "2112",
      "id": "MED_DINNING_4(41)",
      "rotY": "0",
      "posZ": "15.19",
      "dimension": "-1"
    },
    {
      "rotX": "0",
      "breakable": "false",
      "scale": "1",
      "posX": "1150.36",
      "freeze": "false",
      "type": "object",
      "posY": "-1475.59",
      "interior": "0",
      "collisions": "false",
      "doublesided": "false",
      "rotZ": "299.995",
      "alpha": "255",
      "model": "2112",
      "id": "MED_DINNING_4(42)",
      "rotY": "0",
      "posZ": "15.19",
      "dimension": "-1"
    },
    {
      "rotX": "0",
      "breakable": "false",
      "scale": "1",
      "posX": "1146.53",
      "freeze": "false",
      "type": "object",
      "posY": "-1473.42",
      "interior": "0",
      "collisions": "false",
      "doublesided": "false",
      "rotZ": "359.991",
      "alpha": "255",
      "model": "2112",
      "id": "MED_DINNING_4(43)",
      "rotY": "0",
      "posZ": "15.19",
      "dimension": "-1"
    },
    {
      "rotX": "0",
      "breakable": "false",
      "scale": "1",
      "posX": "1144.35",
      "freeze": "false",
      "type": "object",
      "posY": "-1478.38",
      "interior": "0",
      "collisions": "false",
      "doublesided": "false",
      "rotZ": "359.989",
      "alpha": "255",
      "model": "2112",
      "id": "MED_DINNING_4(44)",
      "rotY": "0",
      "posZ": "15.19",
      "dimension": "-1"
    },
    {
      "rotX": "0",
      "breakable": "false",
      "scale": "1",
      "posX": "1141.54",
      "freeze": "false",
      "type": "object",
      "posY": "-1473.41",
      "interior": "0",
      "collisions": "false",
      "doublesided": "false",
      "rotZ": "355.987",
      "alpha": "255",
      "model": "2112",
      "id": "MED_DINNING_4(45)",
      "rotY": "0",
      "posZ": "15.19",
      "dimension": "-1"
    },
    {
      "rotX": "0",
      "breakable": "false",
      "scale": "1",
      "posX": "1140.53",
      "freeze": "false",
      "type": "object",
      "posY": "-1479.65",
      "interior": "0",
      "collisions": "false",
      "doublesided": "false",
      "rotZ": "357.986",
      "alpha": "255",
      "model": "2112",
      "id": "MED_DINNING_4(46)",
      "rotY": "0",
      "posZ": "15.19",
      "dimension": "-1"
    },
    {
      "rotX": "0",
      "breakable": "false",
      "scale": "1",
      "posX": "1151.47",
      "freeze": "false",
      "type": "object",
      "posY": "-1480.6",
      "interior": "0",
      "collisions": "false",
      "doublesided": "false",
      "rotZ": "359.999",
      "alpha": "255",
      "model": "2120",
      "id": "MED_DIN_CHAIR_4(47)",
      "rotY": "0",
      "posZ": "15.39",
      "dimension": "-1"
    },
    {
      "rotX": "0",
      "breakable": "false",
      "scale": "1",
      "posX": "1150.17",
      "freeze": "false",
      "type": "object",
      "posY": "-1479.5699",
      "interior": "0",
      "collisions": "false",
      "doublesided": "false",
      "rotZ": "99.995",
      "alpha": "255",
      "model": "2120",
      "id": "MED_DIN_CHAIR_4(48)",
      "rotY": "0",
      "posZ": "15.39",
      "dimension": "-1"
    },
    {
      "rotX": "0",
      "breakable": "false",
      "scale": "1",
      "posX": "1149.0601",
      "freeze": "false",
      "type": "object",
      "posY": "-1480.85",
      "interior": "0",
      "collisions": "false",
      "doublesided": "false",
      "rotZ": "189.992",
      "alpha": "255",
      "model": "2120",
      "id": "MED_DIN_CHAIR_4(49)",
      "rotY": "0",
      "posZ": "15.39",
      "dimension": "-1"
    },
    {
      "rotX": "0",
      "breakable": "false",
      "scale": "1",
      "posX": "1150.38",
      "freeze": "false",
      "type": "object",
      "posY": "-1481.99",
      "interior": "0",
      "collisions": "false",
      "doublesided": "false",
      "rotZ": "279.992",
      "alpha": "255",
      "model": "2120",
      "id": "MED_DIN_CHAIR_4(50)",
      "rotY": "0",
      "posZ": "15.39",
      "dimension": "-1"
    },
    {
      "rotX": "0",
      "breakable": "false",
      "scale": "1",
      "posX": "1149.8101",
      "freeze": "false",
      "type": "object",
      "posY": "-1474.54",
      "interior": "0",
      "collisions": "false",
      "doublesided": "false",
      "rotZ": "115.992",
      "alpha": "255",
      "model": "2120",
      "id": "MED_DIN_CHAIR_4(51)",
      "rotY": "0",
      "posZ": "15.39",
      "dimension": "-1"
    },
    {
      "rotX": "0",
      "breakable": "false",
      "scale": "1",
      "posX": "1151.4",
      "freeze": "false",
      "type": "object",
      "posY": "-1475.02",
      "interior": "0",
      "collisions": "false",
      "doublesided": "false",
      "rotZ": "25.988",
      "alpha": "255",
      "model": "2120",
      "id": "MED_DIN_CHAIR_4(52)",
      "rotY": "0",
      "posZ": "15.39",
      "dimension": "-1"
    },
    {
      "rotX": "0",
      "breakable": "false",
      "scale": "1",
      "posX": "1150.98",
      "freeze": "false",
      "type": "object",
      "posY": "-1476.61",
      "interior": "0",
      "collisions": "false",
      "doublesided": "false",
      "rotZ": "305.988",
      "alpha": "255",
      "model": "2120",
      "id": "MED_DIN_CHAIR_4(53)",
      "rotY": "0",
      "posZ": "15.39",
      "dimension": "-1"
    },
    {
      "rotX": "0",
      "breakable": "false",
      "scale": "1",
      "posX": "1149.21",
      "freeze": "false",
      "type": "object",
      "posY": "-1476.0699",
      "interior": "0",
      "collisions": "false",
      "doublesided": "false",
      "rotZ": "205.986",
      "alpha": "255",
      "model": "2120",
      "id": "MED_DIN_CHAIR_4(54)",
      "rotY": "0",
      "posZ": "15.39",
      "dimension": "-1"
    },
    {
      "rotX": "0",
      "breakable": "false",
      "scale": "1",
      "posX": "1145.29",
      "freeze": "false",
      "type": "object",
      "posY": "-1473.52",
      "interior": "0",
      "collisions": "false",
      "doublesided": "false",
      "rotZ": "179.983",
      "alpha": "255",
      "model": "2120",
      "id": "MED_DIN_CHAIR_4(55)",
      "rotY": "0",
      "posZ": "15.39",
      "dimension": "-1"
    },
    {
      "rotX": "0",
      "breakable": "false",
      "scale": "1",
      "posX": "1146.71",
      "freeze": "false",
      "type": "object",
      "posY": "-1472.22",
      "interior": "0",
      "collisions": "false",
      "doublesided": "false",
      "rotZ": "79.978",
      "alpha": "255",
      "model": "2120",
      "id": "MED_DIN_CHAIR_4(56)",
      "rotY": "0",
      "posZ": "15.39",
      "dimension": "-1"
    },
    {
      "rotX": "0",
      "breakable": "false",
      "scale": "1",
      "posX": "1148.03",
      "freeze": "false",
      "type": "object",
      "posY": "-1473.41",
      "interior": "0",
      "collisions": "false",
      "doublesided": "false",
      "rotZ": "349.975",
      "alpha": "255",
      "model": "2120",
      "id": "MED_DIN_CHAIR_4(57)",
      "rotY": "0",
      "posZ": "15.39",
      "dimension": "-1"
    },
    {
      "rotX": "0",
      "breakable": "false",
      "scale": "1",
      "posX": "1146.4399",
      "freeze": "false",
      "type": "object",
      "posY": "-1474.67",
      "interior": "0",
      "collisions": "false",
      "doublesided": "false",
      "rotZ": "269.975",
      "alpha": "255",
      "model": "2120",
      "id": "MED_DIN_CHAIR_4(58)",
      "rotY": "0",
      "posZ": "15.39",
      "dimension": "-1"
    },
    {
      "rotX": "0",
      "breakable": "false",
      "scale": "1",
      "posX": "1145.54",
      "freeze": "false",
      "type": "object",
      "posY": "-1478.46",
      "interior": "0",
      "collisions": "false",
      "doublesided": "false",
      "rotZ": "355.986",
      "alpha": "255",
      "model": "2120",
      "id": "MED_DIN_CHAIR_4(59)",
      "rotY": "0",
      "posZ": "15.39",
      "dimension": "-1"
    },
    {
      "rotX": "0",
      "breakable": "false",
      "scale": "1",
      "posX": "1144.52",
      "freeze": "false",
      "type": "object",
      "posY": "-1477.12",
      "interior": "0",
      "collisions": "false",
      "doublesided": "false",
      "rotZ": "85.984",
      "alpha": "255",
      "model": "2120",
      "id": "MED_DIN_CHAIR_4(60)",
      "rotY": "0",
      "posZ": "15.39",
      "dimension": "-1"
    },
    {
      "rotX": "0",
      "breakable": "false",
      "scale": "1",
      "posX": "1143.13",
      "freeze": "false",
      "type": "object",
      "posY": "-1478.34",
      "interior": "0",
      "collisions": "false",
      "doublesided": "false",
      "rotZ": "175.985",
      "alpha": "255",
      "model": "2120",
      "id": "MED_DIN_CHAIR_4(61)",
      "rotY": "0",
      "posZ": "15.39",
      "dimension": "-1"
    },
    {
      "rotX": "0",
      "breakable": "false",
      "scale": "1",
      "posX": "1144.26",
      "freeze": "false",
      "type": "object",
      "posY": "-1479.55",
      "interior": "0",
      "collisions": "false",
      "doublesided": "false",
      "rotZ": "265.979",
      "alpha": "255",
      "model": "2120",
      "id": "MED_DIN_CHAIR_4(62)",
      "rotY": "0",
      "posZ": "15.39",
      "dimension": "-1"
    },
    {
      "rotX": "0",
      "breakable": "false",
      "scale": "1",
      "posX": "1140.48",
      "freeze": "false",
      "type": "object",
      "posY": "-1480.79",
      "interior": "0",
      "collisions": "false",
      "doublesided": "false",
      "rotZ": "265.979",
      "alpha": "255",
      "model": "2120",
      "id": "MED_DIN_CHAIR_4(63)",
      "rotY": "0",
      "posZ": "15.39",
      "dimension": "-1"
    },
    {
      "rotX": "0",
      "breakable": "false",
      "scale": "1",
      "posX": "1141.7",
      "freeze": "false",
      "type": "object",
      "posY": "-1479.61",
      "interior": "0",
      "collisions": "false",
      "doublesided": "false",
      "rotZ": "11.979",
      "alpha": "255",
      "model": "2120",
      "id": "MED_DIN_CHAIR_4(64)",
      "rotY": "0",
      "posZ": "15.39",
      "dimension": "-1"
    },
    {
      "rotX": "0",
      "breakable": "false",
      "scale": "1",
      "posX": "1140.64",
      "freeze": "false",
      "type": "object",
      "posY": "-1478.47",
      "interior": "0",
      "collisions": "false",
      "doublesided": "false",
      "rotZ": "91.975",
      "alpha": "255",
      "model": "2120",
      "id": "MED_DIN_CHAIR_4(65)",
      "rotY": "0",
      "posZ": "15.39",
      "dimension": "-1"
    },
    {
      "rotX": "0",
      "breakable": "false",
      "scale": "1",
      "posX": "1139.21",
      "freeze": "false",
      "type": "object",
      "posY": "-1479.64",
      "interior": "0",
      "collisions": "false",
      "doublesided": "false",
      "rotZ": "195.972",
      "alpha": "255",
      "model": "2120",
      "id": "MED_DIN_CHAIR_4(66)",
      "rotY": "0",
      "posZ": "15.39",
      "dimension": "-1"
    },
    {
      "rotX": "0",
      "breakable": "false",
      "scale": "1",
      "posX": "1141.66",
      "freeze": "false",
      "type": "object",
      "posY": "-1472.16",
      "interior": "0",
      "collisions": "false",
      "doublesided": "false",
      "rotZ": "91.972",
      "alpha": "255",
      "model": "2120",
      "id": "MED_DIN_CHAIR_4(67)",
      "rotY": "0",
      "posZ": "15.39",
      "dimension": "-1"
    },
    {
      "rotX": "0",
      "breakable": "false",
      "scale": "1",
      "posX": "1142.8199",
      "freeze": "false",
      "type": "object",
      "posY": "-1473.41",
      "interior": "0",
      "collisions": "false",
      "doublesided": "false",
      "rotZ": "11.972",
      "alpha": "255",
      "model": "2120",
      "id": "MED_DIN_CHAIR_4(68)",
      "rotY": "0",
      "posZ": "15.39",
      "dimension": "-1"
    },
    {
      "rotX": "0",
      "breakable": "false",
      "scale": "1",
      "posX": "1141.36",
      "freeze": "false",
      "type": "object",
      "posY": "-1474.5601",
      "interior": "0",
      "collisions": "false",
      "doublesided": "false",
      "rotZ": "261.97",
      "alpha": "255",
      "model": "2120",
      "id": "MED_DIN_CHAIR_4(69)",
      "rotY": "0",
      "posZ": "15.39",
      "dimension": "-1"
    },
    {
      "rotX": "0",
      "breakable": "false",
      "scale": "1",
      "posX": "1140.3199",
      "freeze": "false",
      "type": "object",
      "posY": "-1473.2",
      "interior": "0",
      "collisions": "false",
      "doublesided": "false",
      "rotZ": "161.969",
      "alpha": "255",
      "model": "2120",
      "id": "MED_DIN_CHAIR_4(70)",
      "rotY": "0",
      "posZ": "15.39",
      "dimension": "-1"
    },
    {
      "rotX": "0",
      "breakable": "true",
      "scale": "1",
      "posX": "1106.8101",
      "freeze": "false",
      "type": "object",
      "posY": "-1461.4301",
      "interior": "0",
      "collisions": "false",
      "doublesided": "true",
      "rotZ": "183.114",
      "alpha": "255",
      "model": "1349",
      "id": "ShoppingCart(71)",
      "rotY": "0",
      "posZ": "15.35",
      "dimension": "-1"
    },
    {
      "rotX": "0",
      "breakable": "true",
      "scale": "1",
      "posX": "1107.21",
      "freeze": "false",
      "type": "object",
      "posY": "-1461.4102",
      "interior": "0",
      "collisions": "false",
      "doublesided": "true",
      "rotZ": "183.104",
      "alpha": "255",
      "model": "1349",
      "id": "ShoppingCart(72)",
      "rotY": "0",
      "posZ": "15.35",
      "dimension": "-1"
    },
    {
      "rotX": "0",
      "breakable": "true",
      "scale": "1",
      "posX": "1107.6104",
      "freeze": "false",
      "type": "object",
      "posY": "-1461.3896",
      "interior": "0",
      "collisions": "false",
      "doublesided": "true",
      "rotZ": "183.104",
      "alpha": "255",
      "model": "1349",
      "id": "ShoppingCart(73)",
      "rotY": "0",
      "posZ": "15.35",
      "dimension": "-1"
    },
    {
      "rotX": "0",
      "breakable": "true",
      "scale": "1",
      "posX": "1108.08",
      "freeze": "false",
      "type": "object",
      "posY": "-1461.37",
      "interior": "0",
      "collisions": "false",
      "doublesided": "true",
      "rotZ": "183.109",
      "alpha": "255",
      "model": "1349",
      "id": "ShoppingCart(74)",
      "rotY": "0",
      "posZ": "15.35",
      "dimension": "-1"
    },
    {
      "rotX": "0",
      "breakable": "true",
      "scale": "1",
      "posX": "1108.6",
      "freeze": "false",
      "type": "object",
      "posY": "-1461.35",
      "interior": "0",
      "collisions": "false",
      "doublesided": "true",
      "rotZ": "183.109",
      "alpha": "255",
      "model": "1349",
      "id": "ShoppingCart(75)",
      "rotY": "0",
      "posZ": "15.35",
      "dimension": "-1"
    },
    {
      "rotX": "0",
      "breakable": "true",
      "scale": "1",
      "posX": "1109.1201",
      "freeze": "false",
      "type": "object",
      "posY": "-1461.3203",
      "interior": "0",
      "collisions": "false",
      "doublesided": "true",
      "rotZ": "183.104",
      "alpha": "255",
      "model": "1349",
      "id": "ShoppingCart(76)",
      "rotY": "0",
      "posZ": "15.35",
      "dimension": "-1"
    },
    {
      "rotX": "0",
      "breakable": "true",
      "scale": "1",
      "posX": "1106.99",
      "freeze": "false",
      "type": "object",
      "posY": "-1459.83",
      "interior": "0",
      "collisions": "false",
      "doublesided": "true",
      "rotZ": "182.609",
      "alpha": "255",
      "model": "1349",
      "id": "ShoppingCart(77)",
      "rotY": "0",
      "posZ": "15.35",
      "dimension": "-1"
    },
    {
      "rotX": "0",
      "breakable": "true",
      "scale": "1",
      "posX": "1107.6104",
      "freeze": "false",
      "type": "object",
      "posY": "-1459.8496",
      "interior": "0",
      "collisions": "false",
      "doublesided": "true",
      "rotZ": "182.604",
      "alpha": "255",
      "model": "1349",
      "id": "ShoppingCart(78)",
      "rotY": "0",
      "posZ": "15.35",
      "dimension": "-1"
    },
    {
      "rotX": "0",
      "breakable": "true",
      "scale": "1",
      "posX": "1108.1797",
      "freeze": "false",
      "type": "object",
      "posY": "-1459.8701",
      "interior": "0",
      "collisions": "false",
      "doublesided": "true",
      "rotZ": "182.604",
      "alpha": "255",
      "model": "1349",
      "id": "ShoppingCart(79)",
      "rotY": "0",
      "posZ": "15.35",
      "dimension": "-1"
    },
    {
      "rotX": "0",
      "breakable": "true",
      "scale": "1",
      "posX": "1108.6801",
      "freeze": "false",
      "type": "object",
      "posY": "-1459.89",
      "interior": "0",
      "collisions": "false",
      "doublesided": "true",
      "rotZ": "182.604",
      "alpha": "255",
      "model": "1349",
      "id": "ShoppingCart(80)",
      "rotY": "0",
      "posZ": "15.35",
      "dimension": "-1"
    },
    {
      "rotX": "0",
      "breakable": "true",
      "scale": "1",
      "posX": "1109.08",
      "freeze": "false",
      "type": "object",
      "posY": "-1459.9",
      "interior": "0",
      "collisions": "false",
      "doublesided": "true",
      "rotZ": "182.604",
      "alpha": "255",
      "model": "1349",
      "id": "ShoppingCart(81)",
      "rotY": "0",
      "posZ": "15.35",
      "dimension": "-1"
    },
    {
      "rotX": "0",
      "breakable": "true",
      "scale": "0.1",
      "posX": "1101.03",
      "freeze": "false",
      "type": "object",
      "posY": "-1525.38",
      "interior": "0",
      "collisions": "true",
      "doublesided": "false",
      "rotZ": "0",
      "alpha": "255",
      "model": "3461",
      "id": "tikitorch01_lvs(82)",
      "rotY": "0",
      "posZ": "20.86",
      "dimension": "-1"
    },
    {
      "rotX": "0",
      "breakable": "true",
      "scale": "0.1",
      "posX": "1100.01",
      "freeze": "false",
      "type": "object",
      "posY": "-1524.26",
      "interior": "0",
      "collisions": "true",
      "doublesided": "false",
      "rotZ": "0",
      "alpha": "255",
      "model": "3461",
      "id": "tikitorch01_lvs(83)",
      "rotY": "0",
      "posZ": "21.02",
      "dimension": "-1"
    },
    {
      "rotX": "0",
      "breakable": "true",
      "scale": "0.1",
      "posX": "1095.03",
      "freeze": "false",
      "type": "object",
      "posY": "-1518.5699",
      "interior": "0",
      "collisions": "true",
      "doublesided": "false",
      "rotZ": "0",
      "alpha": "255",
      "model": "3461",
      "id": "tikitorch01_lvs(84)",
      "rotY": "0",
      "posZ": "20.88",
      "dimension": "-1"
    },
    {
      "rotX": "0",
      "breakable": "true",
      "scale": "0.1",
      "posX": "1094.02",
      "freeze": "false",
      "type": "object",
      "posY": "-1517.45",
      "interior": "0",
      "collisions": "true",
      "doublesided": "false",
      "rotZ": "0",
      "alpha": "255",
      "model": "3461",
      "id": "tikitorch01_lvs(85)",
      "rotY": "0",
      "posZ": "20.97",
      "dimension": "-1"
    },
    {
      "rotX": "0",
      "breakable": "true",
      "scale": "0.69999999",
      "posX": "1096.5",
      "freeze": "false",
      "type": "object",
      "posY": "-1520.4301",
      "interior": "0",
      "collisions": "false",
      "doublesided": "true",
      "rotZ": "312",
      "alpha": "255",
      "model": "2773",
      "id": "CJ_AIRPRT_BAR(86)",
      "rotY": "0",
      "posZ": "22.05",
      "dimension": "-1"
    },
    {
      "rotX": "0",
      "breakable": "true",
      "scale": "0.69999999",
      "posX": "1098.23",
      "freeze": "false",
      "type": "object",
      "posY": "-1522.5",
      "interior": "0",
      "collisions": "false",
      "doublesided": "true",
      "rotZ": "311.995",
      "alpha": "255",
      "model": "2773",
      "id": "CJ_AIRPRT_BAR(87)",
      "rotY": "0",
      "posZ": "22.05",
      "dimension": "-1"
    },
    {
      "rotX": "0",
      "breakable": "true",
      "scale": "0.1",
      "posX": "1109.22",
      "freeze": "false",
      "type": "object",
      "posY": "-1518.86",
      "interior": "0",
      "collisions": "true",
      "doublesided": "false",
      "rotZ": "0",
      "alpha": "255",
      "model": "3461",
      "id": "tikitorch01_lvs(88)",
      "rotY": "0",
      "posZ": "13.92",
      "dimension": "-1"
    },
    {
      "rotX": "0",
      "breakable": "true",
      "scale": "0.1",
      "posX": "1107.9399",
      "freeze": "false",
      "type": "object",
      "posY": "-1517.47",
      "interior": "0",
      "collisions": "true",
      "doublesided": "false",
      "rotZ": "0",
      "alpha": "255",
      "model": "3461",
      "id": "tikitorch01_lvs(89)",
      "rotY": "0",
      "posZ": "13.94",
      "dimension": "-1"
    },
    {
      "rotX": "0",
      "breakable": "true",
      "scale": "0.1",
      "posX": "1102.8",
      "freeze": "false",
      "type": "object",
      "posY": "-1511.88",
      "interior": "0",
      "collisions": "true",
      "doublesided": "false",
      "rotZ": "0",
      "alpha": "255",
      "model": "3461",
      "id": "tikitorch01_lvs(90)",
      "rotY": "0",
      "posZ": "14.04",
      "dimension": "-1"
    },
    {
      "rotX": "0",
      "breakable": "true",
      "scale": "0.1",
      "posX": "1101.75",
      "freeze": "false",
      "type": "object",
      "posY": "-1510.71",
      "interior": "0",
      "collisions": "true",
      "doublesided": "false",
      "rotZ": "0",
      "alpha": "255",
      "model": "3461",
      "id": "tikitorch01_lvs(91)",
      "rotY": "0",
      "posZ": "13.86",
      "dimension": "-1"
    },
    {
      "rotX": "0",
      "breakable": "true",
      "scale": "0.69999999",
      "posX": "1104.35",
      "freeze": "false",
      "type": "object",
      "posY": "-1513.6801",
      "interior": "0",
      "collisions": "false",
      "doublesided": "true",
      "rotZ": "311.995",
      "alpha": "255",
      "model": "2773",
      "id": "CJ_AIRPRT_BAR(92)",
      "rotY": "0",
      "posZ": "15.15",
      "dimension": "-1"
    },
    {
      "rotX": "0",
      "breakable": "true",
      "scale": "0.69999999",
      "posX": "1106.1801",
      "freeze": "false",
      "type": "object",
      "posY": "-1515.65",
      "interior": "0",
      "collisions": "false",
      "doublesided": "true",
      "rotZ": "311.995",
      "alpha": "255",
      "model": "2773",
      "id": "CJ_AIRPRT_BAR(93)",
      "rotY": "0",
      "posZ": "15.15",
      "dimension": "-1"
    },
    {
      "rotX": "0",
      "breakable": "true",
      "scale": "1",
      "posX": "1089.8105",
      "freeze": "false",
      "type": "object",
      "posY": "-1473.1699",
      "interior": "0",
      "collisions": "true",
      "doublesided": "true",
      "rotZ": "75.85",
      "alpha": "255",
      "model": "2010",
      "id": "nu_plant3_ofc(94)",
      "rotY": "0",
      "posZ": "21.71",
      "dimension": "-1"
    },
    {
      "rotX": "0",
      "breakable": "true",
      "scale": "1",
      "posX": "1088.1699",
      "freeze": "false",
      "type": "object",
      "posY": "-1477.25",
      "interior": "0",
      "collisions": "true",
      "doublesided": "true",
      "rotZ": "75.85",
      "alpha": "255",
      "model": "2010",
      "id": "nu_plant3_ofc(95)",
      "rotY": "0",
      "posZ": "21.71",
      "dimension": "-1"
    },
    {
      "rotX": "0",
      "breakable": "true",
      "scale": "1",
      "posX": "1092.25",
      "freeze": "false",
      "type": "object",
      "posY": "-1463.71",
      "interior": "0",
      "collisions": "true",
      "doublesided": "true",
      "rotZ": "75.85",
      "alpha": "255",
      "model": "2010",
      "id": "nu_plant3_ofc(96)",
      "rotY": "0",
      "posZ": "21.71",
      "dimension": "-1"
    },
    {
      "rotX": "0",
      "breakable": "true",
      "scale": "1",
      "posX": "1094.1797",
      "freeze": "false",
      "type": "object",
      "posY": "-1483.2197",
      "interior": "0",
      "collisions": "true",
      "doublesided": "true",
      "rotZ": "45.511",
      "alpha": "255",
      "model": "633",
      "id": "veg_palmkb10(97)",
      "rotY": "0",
      "posZ": "15.76",
      "dimension": "-1"
    },
    {
      "rotX": "0",
      "breakable": "true",
      "scale": "1",
      "posX": "1100.5699",
      "freeze": "false",
      "type": "object",
      "posY": "-1463.27",
      "interior": "0",
      "collisions": "true",
      "doublesided": "true",
      "rotZ": "60.685",
      "alpha": "255",
      "model": "630",
      "id": "veg_palmkb8(98)",
      "rotY": "0",
      "posZ": "15.79",
      "dimension": "-1"
    },
    {
      "rotX": "0",
      "breakable": "true",
      "scale": "1",
      "posX": "1097.0699",
      "freeze": "false",
      "type": "object",
      "posY": "-1474.86",
      "interior": "0",
      "collisions": "true",
      "doublesided": "true",
      "rotZ": "0",
      "alpha": "255",
      "model": "2811",
      "id": "GB_romanpot01(99)",
      "rotY": "0",
      "posZ": "14.81",
      "dimension": "-1"
    },
    {
      "rotX": "0",
      "breakable": "true",
      "scale": "1",
      "posX": "1098.33",
      "freeze": "false",
      "type": "object",
      "posY": "-1470.98",
      "interior": "0",
      "collisions": "true",
      "doublesided": "true",
      "rotZ": "50",
      "alpha": "255",
      "model": "2811",
      "id": "GB_romanpot01(100)",
      "rotY": "0",
      "posZ": "14.81",
      "dimension": "-1"
    },
    {
      "rotX": "0",
      "breakable": "true",
      "scale": "1",
      "posX": "1138.16",
      "freeze": "false",
      "type": "object",
      "posY": "-1471.13",
      "interior": "0",
      "collisions": "true",
      "doublesided": "true",
      "rotZ": "0",
      "alpha": "255",
      "model": "792",
      "id": "aw_streettree1(101)",
      "rotY": "0",
      "posZ": "14.83",
      "dimension": "-1"
    },
    {
      "rotX": "0",
      "breakable": "true",
      "scale": "1",
      "posX": "1144.28",
      "freeze": "false",
      "type": "object",
      "posY": "-1471.0601",
      "interior": "0",
      "collisions": "true",
      "doublesided": "true",
      "rotZ": "0",
      "alpha": "255",
      "model": "792",
      "id": "aw_streettree1(102)",
      "rotY": "0",
      "posZ": "14.83",
      "dimension": "-1"
    },
    {
      "rotX": "0",
      "breakable": "true",
      "scale": "1",
      "posX": "1149.95",
      "freeze": "false",
      "type": "object",
      "posY": "-1468.16",
      "interior": "0",
      "collisions": "true",
      "doublesided": "true",
      "rotZ": "39.996",
      "alpha": "255",
      "model": "792",
      "id": "aw_streettree1(103)",
      "rotY": "0",
      "posZ": "14.83",
      "dimension": "-1"
    },
    {
      "rotX": "0",
      "breakable": "true",
      "scale": "1",
      "posX": "1124.09",
      "freeze": "false",
      "type": "object",
      "posY": "-1471.25",
      "interior": "0",
      "collisions": "true",
      "doublesided": "true",
      "rotZ": "0",
      "alpha": "255",
      "model": "792",
      "id": "aw_streettree1(104)",
      "rotY": "0",
      "posZ": "14.83",
      "dimension": "-1"
    },
    {
      "rotX": "0",
      "breakable": "true",
      "scale": "1",
      "posX": "1120",
      "freeze": "false",
      "type": "object",
      "posY": "-1481",
      "interior": "0",
      "collisions": "true",
      "doublesided": "true",
      "rotZ": "0",
      "alpha": "255",
      "model": "792",
      "id": "aw_streettree1(105)",
      "rotY": "0",
      "posZ": "14.83",
      "dimension": "-1"
    },
    {
      "rotX": "0",
      "breakable": "true",
      "scale": "1",
      "posX": "1120",
      "freeze": "false",
      "type": "object",
      "posY": "-1489",
      "interior": "0",
      "collisions": "true",
      "doublesided": "true",
      "rotZ": "0",
      "alpha": "255",
      "model": "792",
      "id": "aw_streettree1(106)",
      "rotY": "0",
      "posZ": "14.83",
      "dimension": "-1"
    },
    {
      "rotX": "0",
      "breakable": "true",
      "scale": "1",
      "posX": "1137.5",
      "freeze": "false",
      "type": "object",
      "posY": "-1489",
      "interior": "0",
      "collisions": "true",
      "doublesided": "true",
      "rotZ": "0",
      "alpha": "255",
      "model": "792",
      "id": "aw_streettree1(107)",
      "rotY": "0",
      "posZ": "14.83",
      "dimension": "-1"
    },
    {
      "rotX": "0",
      "breakable": "true",
      "scale": "1",
      "posX": "1120",
      "freeze": "false",
      "type": "object",
      "posY": "-1497.3",
      "interior": "0",
      "collisions": "true",
      "doublesided": "true",
      "rotZ": "0",
      "alpha": "255",
      "model": "792",
      "id": "aw_streettree1(108)",
      "rotY": "0",
      "posZ": "14.83",
      "dimension": "-1"
    },
    {
      "rotX": "0",
      "breakable": "true",
      "scale": "1",
      "posX": "1137.5",
      "freeze": "false",
      "type": "object",
      "posY": "-1497.3",
      "interior": "0",
      "collisions": "true",
      "doublesided": "true",
      "rotZ": "0",
      "alpha": "255",
      "model": "792",
      "id": "aw_streettree1(109)",
      "rotY": "0",
      "posZ": "14.83",
      "dimension": "-1"
    },
    {
      "rotX": "0",
      "breakable": "true",
      "scale": "1",
      "posX": "1110.08",
      "freeze": "false",
      "type": "object",
      "posY": "-1484.8",
      "interior": "0",
      "collisions": "true",
      "doublesided": "true",
      "rotZ": "0",
      "alpha": "255",
      "model": "792",
      "id": "aw_streettree1(110)",
      "rotY": "0",
      "posZ": "14.83",
      "dimension": "-1"
    },
    {
      "rotX": "0",
      "breakable": "true",
      "scale": "1",
      "posX": "1110.08",
      "freeze": "false",
      "type": "object",
      "posY": "-1493",
      "interior": "0",
      "collisions": "true",
      "doublesided": "true",
      "rotZ": "0",
      "alpha": "255",
      "model": "792",
      "id": "aw_streettree1(111)",
      "rotY": "0",
      "posZ": "14.83",
      "dimension": "-1"
    },
    {
      "rotX": "0",
      "breakable": "true",
      "scale": "1",
      "posX": "1102.7",
      "freeze": "false",
      "type": "object",
      "posY": "-1483.76",
      "interior": "0",
      "collisions": "true",
      "doublesided": "true",
      "rotZ": "0",
      "alpha": "255",
      "model": "792",
      "id": "aw_streettree1(112)",
      "rotY": "0",
      "posZ": "21.85",
      "dimension": "-1"
    },
    {
      "rotX": "0",
      "breakable": "true",
      "scale": "1",
      "posX": "1109.6",
      "freeze": "false",
      "type": "object",
      "posY": "-1483.76",
      "interior": "0",
      "collisions": "true",
      "doublesided": "true",
      "rotZ": "0",
      "alpha": "255",
      "model": "792",
      "id": "aw_streettree1(113)",
      "rotY": "0",
      "posZ": "21.85",
      "dimension": "-1"
    },
    {
      "rotX": "0",
      "breakable": "true",
      "scale": "1",
      "posX": "1116.8",
      "freeze": "false",
      "type": "object",
      "posY": "-1483.76",
      "interior": "0",
      "collisions": "true",
      "doublesided": "true",
      "rotZ": "0",
      "alpha": "255",
      "model": "792",
      "id": "aw_streettree1(114)",
      "rotY": "0",
      "posZ": "21.85",
      "dimension": "-1"
    },
    {
      "rotX": "0",
      "breakable": "true",
      "scale": "1",
      "posX": "1139.5",
      "freeze": "false",
      "type": "object",
      "posY": "-1483.76",
      "interior": "0",
      "collisions": "true",
      "doublesided": "true",
      "rotZ": "0",
      "alpha": "255",
      "model": "792",
      "id": "aw_streettree1(115)",
      "rotY": "0",
      "posZ": "21.85",
      "dimension": "-1"
    },
    {
      "rotX": "0",
      "breakable": "true",
      "scale": "1",
      "posX": "1146.43",
      "freeze": "false",
      "type": "object",
      "posY": "-1483.76",
      "interior": "0",
      "collisions": "true",
      "doublesided": "true",
      "rotZ": "0",
      "alpha": "255",
      "model": "792",
      "id": "aw_streettree1(116)",
      "rotY": "0",
      "posZ": "21.85",
      "dimension": "-1"
    },
    {
      "rotX": "0",
      "breakable": "true",
      "scale": "1",
      "posX": "1153.5",
      "freeze": "false",
      "type": "object",
      "posY": "-1483.76",
      "interior": "0",
      "collisions": "true",
      "doublesided": "true",
      "rotZ": "0",
      "alpha": "255",
      "model": "792",
      "id": "aw_streettree1(117)",
      "rotY": "0",
      "posZ": "21.85",
      "dimension": "-1"
    },
    {
      "rotX": "0",
      "breakable": "true",
      "scale": "1",
      "posX": "1104",
      "freeze": "false",
      "type": "object",
      "posY": "-1495.2",
      "interior": "0",
      "collisions": "true",
      "doublesided": "true",
      "rotZ": "0",
      "alpha": "255",
      "model": "792",
      "id": "aw_streettree1(118)",
      "rotY": "0",
      "posZ": "21.85",
      "dimension": "-1"
    },
    {
      "rotX": "0",
      "breakable": "true",
      "scale": "1",
      "posX": "1111.03",
      "freeze": "false",
      "type": "object",
      "posY": "-1495.2",
      "interior": "0",
      "collisions": "true",
      "doublesided": "true",
      "rotZ": "0",
      "alpha": "255",
      "model": "792",
      "id": "aw_streettree1(119)",
      "rotY": "0",
      "posZ": "21.85",
      "dimension": "-1"
    },
    {
      "rotX": "0",
      "breakable": "true",
      "scale": "1",
      "posX": "1118.1",
      "freeze": "false",
      "type": "object",
      "posY": "-1495.2",
      "interior": "0",
      "collisions": "true",
      "doublesided": "true",
      "rotZ": "0",
      "alpha": "255",
      "model": "792",
      "id": "aw_streettree1(120)",
      "rotY": "0",
      "posZ": "21.85",
      "dimension": "-1"
    },
    {
      "rotX": "0",
      "breakable": "true",
      "scale": "1",
      "posX": "1139.4",
      "freeze": "false",
      "type": "object",
      "posY": "-1495.2",
      "interior": "0",
      "collisions": "true",
      "doublesided": "true",
      "rotZ": "0",
      "alpha": "255",
      "model": "792",
      "id": "aw_streettree1(121)",
      "rotY": "0",
      "posZ": "21.85",
      "dimension": "-1"
    },
    {
      "rotX": "0",
      "breakable": "true",
      "scale": "1",
      "posX": "1146.6",
      "freeze": "false",
      "type": "object",
      "posY": "-1495.2",
      "interior": "0",
      "collisions": "true",
      "doublesided": "true",
      "rotZ": "0",
      "alpha": "255",
      "model": "792",
      "id": "aw_streettree1(122)",
      "rotY": "0",
      "posZ": "21.85",
      "dimension": "-1"
    },
    {
      "rotX": "0",
      "breakable": "true",
      "scale": "1",
      "posX": "1153.6",
      "freeze": "false",
      "type": "object",
      "posY": "-1495.2",
      "interior": "0",
      "collisions": "true",
      "doublesided": "true",
      "rotZ": "0",
      "alpha": "255",
      "model": "792",
      "id": "aw_streettree1(123)",
      "rotY": "0",
      "posZ": "21.85",
      "dimension": "-1"
    },
    {
      "rotX": "0",
      "breakable": "true",
      "scale": "1",
      "posX": "1110.08",
      "freeze": "false",
      "type": "object",
      "posY": "-1499",
      "interior": "0",
      "collisions": "true",
      "doublesided": "true",
      "rotZ": "0",
      "alpha": "255",
      "model": "1300",
      "id": "Trashcan2(124)",
      "rotY": "0",
      "posZ": "15.15",
      "dimension": "-1"
    },
    {
      "rotX": "0",
      "breakable": "true",
      "scale": "1",
      "posX": "1110.08",
      "freeze": "false",
      "type": "object",
      "posY": "-1478.7",
      "interior": "0",
      "collisions": "true",
      "doublesided": "false",
      "rotZ": "180",
      "alpha": "255",
      "model": "1300",
      "id": "Trashcan2(125)",
      "rotY": "0",
      "posZ": "15.15",
      "dimension": "-1"
    },
    {
      "rotX": "0",
      "breakable": "true",
      "scale": "1",
      "posX": "1120.2",
      "freeze": "false",
      "type": "object",
      "posY": "-1474.4",
      "interior": "0",
      "collisions": "true",
      "doublesided": "false",
      "rotZ": "-90",
      "alpha": "255",
      "model": "1300",
      "id": "Trashcan2(126)",
      "rotY": "0",
      "posZ": "15.15",
      "dimension": "-1"
    },
    {
      "rotX": "0",
      "breakable": "true",
      "scale": "1",
      "posX": "1120.2",
      "freeze": "false",
      "type": "object",
      "posY": "-1504",
      "interior": "0",
      "collisions": "true",
      "doublesided": "false",
      "rotZ": "-90",
      "alpha": "255",
      "model": "1300",
      "id": "Trashcan2(127)",
      "rotY": "0",
      "posZ": "15.15",
      "dimension": "-1"
    },
    {
      "rotX": "0.0",
      "breakable": "true",
      "scale": "1",
      "posX": "1120.690063",
      "freeze": "false",
      "type": "object",
      "posY": "-1437.040771",
      "interior": "0",
      "collisions": "true",
      "doublesided": "false",
      "rotZ": "0.0",
      "alpha": "255",
      "model": "1231",
      "id": "Streetlamp2(128)",
      "rotY": "-0.0",
      "posZ": "17.524303",
      "dimension": "-1"
    },
    {
      "rotX": "0.0",
      "breakable": "true",
      "scale": "1",
      "posX": "1136.092773",
      "freeze": "false",
      "type": "object",
      "posY": "-1437.040771",
      "interior": "0",
      "collisions": "true",
      "doublesided": "false",
      "rotZ": "0.0",
      "alpha": "255",
      "model": "1231",
      "id": "Streetlamp2(129)",
      "rotY": "-0.0",
      "posZ": "17.524303",
      "dimension": "-1"
    },
    {
      "rotX": "0.0",
      "breakable": "true",
      "scale": "1",
      "posX": "1131.498169",
      "freeze": "false",
      "type": "object",
      "posY": "-1483.274048",
      "interior": "0",
      "collisions": "true",
      "doublesided": "false",
      "rotZ": "0.0",
      "alpha": "255",
      "model": "1231",
      "id": "Streetlamp2(129)",
      "rotY": "-0.0",
      "posZ": "24.486544",
      "dimension": "-1"
    },
    {
      "rotX": "0.0",
      "breakable": "true",
      "scale": "1",
      "posX": "1131.498169",
      "freeze": "false",
      "type": "object",
      "posY": "-1495.451538",
      "interior": "0",
      "collisions": "true",
      "doublesided": "false",
      "rotZ": "0.0",
      "alpha": "255",
      "model": "1231",
      "id": "Streetlamp2(129)",
      "rotY": "-0.0",
      "posZ": "24.486544",
      "dimension": "-1"
    },
    {
      "rotX": "0.0",
      "breakable": "true",
      "scale": "1",
      "posX": "1162.033081",
      "freeze": "false",
      "type": "object",
      "posY": "-1483.274048",
      "interior": "0",
      "collisions": "true",
      "doublesided": "false",
      "rotZ": "0.0",
      "alpha": "255",
      "model": "1231",
      "id": "Streetlamp2(129)",
      "rotY": "-0.0",
      "posZ": "24.486544",
      "dimension": "-1"
    },
    {
      "rotX": "0.0",
      "breakable": "true",
      "scale": "1",
      "posX": "1162.033081",
      "freeze": "false",
      "type": "object",
      "posY": "-1495.451538",
      "interior": "0",
      "collisions": "true",
      "doublesided": "false",
      "rotZ": "0.0",
      "alpha": "255",
      "model": "1231",
      "id": "Streetlamp2(129)",
      "rotY": "-0.0",
      "posZ": "24.486544",
      "dimension": "-1"
    },
    {
      "rotX": "0.0",
      "breakable": "true",
      "scale": "1",
      "posX": "1095.132446",
      "freeze": "false",
      "type": "object",
      "posY": "-1483.274048",
      "interior": "0",
      "collisions": "true",
      "doublesided": "false",
      "rotZ": "0.0",
      "alpha": "255",
      "model": "1231",
      "id": "Streetlamp2(129)",
      "rotY": "-0.0",
      "posZ": "24.486544",
      "dimension": "-1"
    },
    {
      "rotX": "0.0",
      "breakable": "true",
      "scale": "1",
      "posX": "1095.132446",
      "freeze": "false",
      "type": "object",
      "posY": "-1495.451538",
      "interior": "0",
      "collisions": "true",
      "doublesided": "false",
      "rotZ": "0.0",
      "alpha": "255",
      "model": "1231",
      "id": "Streetlamp2(129)",
      "rotY": "-0.0",
      "posZ": "24.486544",
      "dimension": "-1"
    },
    {
      "rotX": "0.0",
      "breakable": "true",
      "scale": "1",
      "posX": "1120.437378",
      "freeze": "false",
      "type": "object",
      "posY": "-1505.913086",
      "interior": "0",
      "collisions": "true",
      "doublesided": "false",
      "rotZ": "0.0",
      "alpha": "255",
      "model": "1231",
      "id": "Streetlamp2(129)",
      "rotY": "-0.0",
      "posZ": "17.50725",
      "dimension": "-1"
    },
    {
      "rotX": "0.0",
      "breakable": "true",
      "scale": "1",
      "posX": "1136.977417",
      "freeze": "false",
      "type": "object",
      "posY": "-1505.913086",
      "interior": "0",
      "collisions": "true",
      "doublesided": "false",
      "rotZ": "0.0",
      "alpha": "255",
      "model": "1231",
      "id": "Streetlamp2(129)",
      "rotY": "-0.0",
      "posZ": "17.50725",
      "dimension": "-1"
    },
    {
      "rotX": "0",
      "breakable": "true",
      "scale": "1",
      "posX": "1114.57751",
      "freeze": "false",
      "type": "object",
      "posY": "-1411.55085",
      "interior": "0",
      "collisions": "true",
      "doublesided": "false",
      "rotZ": "-90",
      "alpha": "255",
      "model": "1297",
      "id": "lamppost1(130)",
      "rotY": "0",
      "posZ": "16",
      "dimension": "-1"
    },
    {
      "rotX": "0",
      "breakable": "true",
      "scale": "1",
      "posX": "1092.57751",
      "freeze": "false",
      "type": "object",
      "posY": "-1411.55085",
      "interior": "0",
      "collisions": "true",
      "doublesided": "false",
      "rotZ": "-90",
      "alpha": "255",
      "model": "1297",
      "id": "lamppost1(131)",
      "rotY": "0",
      "posZ": "16",
      "dimension": "-1"
    },
    {
      "rotX": "0",
      "breakable": "true",
      "scale": "1",
      "posX": "1140.57751",
      "freeze": "false",
      "type": "object",
      "posY": "-1411.55085",
      "interior": "0",
      "collisions": "true",
      "doublesided": "false",
      "rotZ": "-90",
      "alpha": "255",
      "model": "1297",
      "id": "lamppost1(132)",
      "rotY": "0",
      "posZ": "16",
      "dimension": "-1"
    },
    {
      "rotX": "0",
      "breakable": "true",
      "scale": "1",
      "posX": "1162.57751",
      "freeze": "false",
      "type": "object",
      "posY": "-1411.55085",
      "interior": "0",
      "collisions": "true",
      "doublesided": "false",
      "rotZ": "-90",
      "alpha": "255",
      "model": "1297",
      "id": "lamppost1(133)",
      "rotY": "0",
      "posZ": "16",
      "dimension": "-1"
    },
    {
      "rotX": "0",
      "type": "removeWorldObject",
      "posY": "-1489.09",
      "interior": "0",
      "rotZ": "0",
      "lodModel": "0",
      "radius": "0.25",
      "model": "6051",
      "posZ": "18.9922",
      "rotY": "0",
      "posX": "1110.33",
      "id": "mallglass_laW(1)"
    },
    {
      "rotX": "0",
      "type": "removeWorldObject",
      "posY": "-1433.8693",
      "interior": "0",
      "rotZ": "0",
      "lodModel": "0",
      "radius": "6.231205",
      "model": "792",
      "posZ": "15.78426",
      "rotY": "0",
      "posX": "1139.8274",
      "id": "aw_streettree1(2)"
    },
    {
      "rotX": "0",
      "type": "removeWorldObject",
      "posY": "-1444.9005",
      "interior": "0",
      "rotZ": "0",
      "lodModel": "0",
      "radius": "6.231205",
      "model": "792",
      "posZ": "16.35233",
      "rotY": "0",
      "posX": "1139.9789",
      "id": "aw_streettree1(3)"
    },
    {
      "rotX": "0",
      "type": "removeWorldObject",
      "posY": "-1456.2365",
      "interior": "0",
      "rotZ": "0",
      "lodModel": "0",
      "radius": "6.231205",
      "model": "792",
      "posZ": "16.12814",
      "rotY": "0",
      "posX": "1139.7825",
      "id": "aw_streettree1(4)"
    },
    {
      "rotX": "0",
      "type": "removeWorldObject",
      "posY": "-1467.2677",
      "interior": "0",
      "rotZ": "0",
      "lodModel": "0",
      "radius": "6.231205",
      "model": "792",
      "posZ": "16.34933",
      "rotY": "0",
      "posX": "1139.8806",
      "id": "aw_streettree1(5)"
    },
    {
      "rotX": "0",
      "type": "removeWorldObject",
      "posY": "-1433.8389",
      "interior": "0",
      "rotZ": "0",
      "lodModel": "0",
      "radius": "6.231205",
      "model": "792",
      "posZ": "15.73006",
      "rotY": "0",
      "posX": "1118.0613",
      "id": "aw_streettree1(6)"
    },
    {
      "rotX": "0",
      "type": "removeWorldObject",
      "posY": "-1444.9005",
      "interior": "0",
      "rotZ": "0",
      "lodModel": "0",
      "radius": "6.231205",
      "model": "792",
      "posZ": "15.82989",
      "rotY": "0",
      "posX": "1118.2214",
      "id": "aw_streettree1(7)"
    },
    {
      "rotX": "0",
      "type": "removeWorldObject",
      "posY": "-1456.2365",
      "interior": "0",
      "rotZ": "0",
      "lodModel": "0",
      "radius": "6.231205",
      "model": "792",
      "posZ": "16.03173",
      "rotY": "0",
      "posX": "1118.0441",
      "id": "aw_streettree1(8)"
    },
    {
      "rotX": "0",
      "type": "removeWorldObject",
      "posY": "-1467.2677",
      "interior": "0",
      "rotZ": "0",
      "lodModel": "0",
      "radius": "6.231205",
      "model": "792",
      "posZ": "15.69345",
      "rotY": "0",
      "posX": "1118.2159",
      "id": "aw_streettree1(9)"
    },
    {
      "rotX": "0",
      "type": "removeWorldObject",
      "posY": "-1420.1875",
      "interior": "0",
      "rotZ": "0",
      "lodModel": "0",
      "radius": "0.25",
      "model": "762",
      "posZ": "19.8828",
      "rotY": "0",
      "posX": "1175.3594",
      "id": "new_bushtest(10)"
    },
    {
      "rotX": "0",
      "type": "removeWorldObject",
      "posY": "-1420.8125",
      "interior": "0",
      "rotZ": "0",
      "lodModel": "0",
      "radius": "0.25",
      "model": "762",
      "posZ": "17.9531",
      "rotY": "0",
      "posX": "1077.1797",
      "id": "new_bushtest(11)"
    },
    {
      "rotX": "0",
      "type": "removeWorldObject",
      "posY": "-1421.2734",
      "interior": "0",
      "rotZ": "0",
      "lodModel": "0",
      "radius": "0.25",
      "model": "759",
      "posZ": "14.3047",
      "rotY": "0",
      "posX": "1183.1875",
      "id": "sm_bush_large_1(12)"
    },
    {
      "rotX": "0",
      "type": "removeWorldObject",
      "posY": "-1418.8516",
      "interior": "0",
      "rotZ": "0",
      "lodModel": "0",
      "radius": "0.25",
      "model": "759",
      "posZ": "14.3047",
      "rotY": "0",
      "posX": "1182.8125",
      "id": "sm_bush_large_1(13)"
    },
    {
      "rotX": "0",
      "type": "removeWorldObject",
      "posY": "-1502.338",
      "interior": "0",
      "rotZ": "0",
      "lodModel": "0",
      "radius": "6.231205",
      "model": "792",
      "posZ": "15.87998",
      "rotY": "0",
      "posX": "1152.4056",
      "id": "aw_streettree1(14)"
    },
    {
      "rotX": "0",
      "type": "removeWorldObject",
      "posY": "-1512.588",
      "interior": "0",
      "rotZ": "0",
      "lodModel": "0",
      "radius": "6.231205",
      "model": "792",
      "posZ": "16.13815",
      "rotY": "0",
      "posX": "1144.5984",
      "id": "aw_streettree1(15)"
    },
    {
      "rotX": "0",
      "type": "removeWorldObject",
      "posY": "-1518.3807",
      "interior": "0",
      "rotZ": "0",
      "lodModel": "0",
      "radius": "6.231205",
      "model": "792",
      "posZ": "16.22908",
      "rotY": "0",
      "posX": "1128.9794",
      "id": "aw_streettree1(16)"
    },
    {
      "rotX": "0",
      "type": "removeWorldObject",
      "posY": "-1512.4844",
      "interior": "0",
      "rotZ": "0",
      "lodModel": "0",
      "radius": "6.231205",
      "model": "792",
      "posZ": "16.05063",
      "rotY": "0",
      "posX": "1111.5028",
      "id": "aw_streettree1(17)"
    },
    {
      "rotX": "0",
      "type": "removeWorldObject",
      "posY": "-1501.674",
      "interior": "0",
      "rotZ": "0",
      "lodModel": "0",
      "radius": "6.231205",
      "model": "792",
      "posZ": "16.21578",
      "rotY": "0",
      "posX": "1106.6206",
      "id": "aw_streettree1(18)"
    },
    {
      "rotX": "0.0",
      "type": "removeWorldObject",
      "posY": "-1489.0938",
      "interior": "0",
      "rotZ": "0.0",
      "lodModel": "0",
      "radius": "1",
      "model": "6051",
      "posZ": "18.9922",
      "rotY": "0.0",
      "posX": "1110.3281",
      "id": "lod1"
    }
  ]
]